// Jest Snapshot v1, https://goo.gl/fbAQLP

exports[`About page matches snapshot 1`] = `
<main>
  <nav
    className="css-y2pm3j"
  >
    <div
      className="css-e6ghfl"
      width={0.3333333333333333}
    >
      <a
        href="/"
        onClick={[Function]}
        style={
          Object {
            "color": "black",
            "textDecoration": "none",
          }
        }
      >
        <h2
          className="css-16auzvq"
          fontFamily="mono"
          fontSize={4}
          fontWeight="bold"
        >
          knife
        </h2>
      </a>
    </div>
    <div
      className="css-1cw4iel"
      width={0.6666666666666666}
    >
      <a
        href="/create"
        onClick={[Function]}
      >
        <button
          className="css-11yjq6p"
          color="black"
          fontSize="inherit"
          fontWeight="bold"
        >
          Create Your Event
        </button>
      </a>
      <a>
        <button
          className="css-z22o3p"
          color="black"
          fontSize="inherit"
          fontWeight="bold"
        >
          Sign In
        </button>
      </a>
    </div>
  </nav>
  <section>
    <p>
      This is another page of the SSR example, you accessed it
      <strong>
        client
         side
      </strong>
      .
      <p>
        <p>
          Client: 
        </p>
      </p>
    </p>
    <p>
      You can reload to see how the page change.
    </p>
    <a
      href="/"
      onClick={[Function]}
    >
      Go to Home
    </a>
  </section>
</main>
`;
